{
  "version": "1.5.0",
  "plugins_used": [
    {
      "name": "ArtifactoryDetector"
    },
    {
      "name": "AWSKeyDetector"
    },
    {
      "name": "AzureStorageKeyDetector"
    },
    {
      "name": "Base64HighEntropyString",
      "limit": 4.5
    },
    {
      "name": "BasicAuthDetector"
    },
    {
      "name": "CloudantDetector"
    },
    {
      "name": "DiscordBotTokenDetector"
    },
    {
      "name": "GitHubTokenDetector"
    },
    {
      "name": "GitLabTokenDetector"
    },
    {
      "name": "HexHighEntropyString",
      "limit": 3.0
    },
    {
      "name": "IbmCloudIamDetector"
    },
    {
      "name": "IbmCosHmacDetector"
    },
    {
      "name": "IPPublicDetector"
    },
    {
      "name": "JwtTokenDetector"
    },
    {
      "name": "KeywordDetector",
      "keyword_exclude": ""
    },
    {
      "name": "MailchimpDetector"
    },
    {
      "name": "NpmDetector"
    },
    {
      "name": "OpenAIDetector"
    },
    {
      "name": "PrivateKeyDetector"
    },
    {
      "name": "PypiTokenDetector"
    },
    {
      "name": "SendGridDetector"
    },
    {
      "name": "SlackDetector"
    },
    {
      "name": "SoftlayerDetector"
    },
    {
      "name": "SquareOAuthDetector"
    },
    {
      "name": "StripeDetector"
    },
    {
      "name": "TelegramBotTokenDetector"
    },
    {
      "name": "TwilioKeyDetector"
    }
  ],
  "filters_used": [
    {
      "path": "detect_secrets.filters.allowlist.is_line_allowlisted"
    },
    {
      "path": "detect_secrets.filters.common.is_ignored_due_to_verification_policies",
      "min_level": 2
    },
    {
      "path": "detect_secrets.filters.heuristic.is_indirect_reference"
    },
    {
      "path": "detect_secrets.filters.heuristic.is_likely_id_string"
    },
    {
      "path": "detect_secrets.filters.heuristic.is_lock_file"
    },
    {
      "path": "detect_secrets.filters.heuristic.is_not_alphanumeric_string"
    },
    {
      "path": "detect_secrets.filters.heuristic.is_potential_uuid"
    },
    {
      "path": "detect_secrets.filters.heuristic.is_prefixed_with_dollar_sign"
    },
    {
      "path": "detect_secrets.filters.heuristic.is_sequential_string"
    },
    {
      "path": "detect_secrets.filters.heuristic.is_swagger_file"
    },
    {
      "path": "detect_secrets.filters.heuristic.is_templated_secret"
    }
  ],
  "results": {
    ".env.example": [
      {
        "type": "Basic Auth Credentials",
        "filename": ".env.example",
        "hashed_secret": "9540e1470d8103370ce56af2992d2f5ea3718b1e",
        "is_verified": false,
        "line_number": 10
      }
    ],
    ".github/workflows/main.yml": [
      {
        "type": "Secret Keyword",
        "filename": ".github/workflows/main.yml",
        "hashed_secret": "9540e1470d8103370ce56af2992d2f5ea3718b1e",
        "is_verified": false,
        "line_number": 20
      },
      {
        "type": "Basic Auth Credentials",
        "filename": ".github/workflows/main.yml",
        "hashed_secret": "9540e1470d8103370ce56af2992d2f5ea3718b1e",
        "is_verified": false,
        "line_number": 42
      }
    ],
    ".github/workflows/pr.yml": [
      {
        "type": "Secret Keyword",
        "filename": ".github/workflows/pr.yml",
        "hashed_secret": "9540e1470d8103370ce56af2992d2f5ea3718b1e",
        "is_verified": false,
        "line_number": 108
      },
      {
        "type": "Basic Auth Credentials",
        "filename": ".github/workflows/pr.yml",
        "hashed_secret": "9540e1470d8103370ce56af2992d2f5ea3718b1e",
        "is_verified": false,
        "line_number": 126
      }
    ],
    "alembic.ini": [
      {
        "type": "Basic Auth Credentials",
        "filename": "alembic.ini",
        "hashed_secret": "9d4e1e23bd5b727046a9e3b4b7db57bd8d6ee684",
        "is_verified": false,
        "line_number": 89
      }
    ],
    "docker-compose.test.yml": [
      {
        "type": "Secret Keyword",
        "filename": "docker-compose.test.yml",
        "hashed_secret": "4eeb259d1228e87b509141601d3aa8407aaf1028",
        "is_verified": false,
        "line_number": 10
      }
    ],
    "docker-compose.yml": [
      {
        "type": "Secret Keyword",
        "filename": "docker-compose.yml",
        "hashed_secret": "9540e1470d8103370ce56af2992d2f5ea3718b1e",
        "is_verified": false,
        "line_number": 6
      },
      {
        "type": "Basic Auth Credentials",
        "filename": "docker-compose.yml",
        "hashed_secret": "9540e1470d8103370ce56af2992d2f5ea3718b1e",
        "is_verified": false,
        "line_number": 32
      }
    ],
    "docs/configuration.md": [
      {
        "type": "Basic Auth Credentials",
        "filename": "docs/configuration.md",
        "hashed_secret": "9540e1470d8103370ce56af2992d2f5ea3718b1e",
        "is_verified": false,
        "line_number": 19
      }
    ],
    "migrations/versions/85f96d30c06b_initial_schema_users_and_outbox_messages.py": [
      {
        "type": "Hex High Entropy String",
        "filename": "migrations/versions/85f96d30c06b_initial_schema_users_and_outbox_messages.py",
        "hashed_secret": "0851ce07b99d4384b2cb6c6a5e977e1f53cbfc63",
        "is_verified": false,
        "line_number": 16
      }
    ]
  },
  "generated_at": "2026-08-21T13:40:12Z"
}
